[frogtoken.net/index.html]
[backblue.gif]
[fade.gif]
[index.html]
[frogtoken.net/assets/fonts/brand-icons/brand-icons.woff2]
[frogtoken.net/assets/fonts/unicons/Unicons6c87.woff]
[cdn.jsdelivr.net/npm/swiper@8.3.2/swiper-bundle.min.css]
[cdn.jsdelivr.net/npm/uikit@3.15.1/dist/css/uikit.min.css]
[frogtoken.net/assets/js/uikit.min.js]
[frogtoken.net/assets/js/uikit-components.js]
[frogtoken.net/assets/js/jquery.min.js]
[frogtoken.net/assets/js/swiper-bundle.min.js]
[frogtoken.net/assets/js/feather.min.js]
[frogtoken.net/assets/js/typed.min.js]
[frogtoken.net/assets/js/anime.min.js]
[frogtoken.net/assets/js/app.js]
[frogtoken.net/assets/js/swiper-helper.js]
[frogtoken.net/assets/js/typed-helper.js]
[frogtoken.net/assets/js/anime-helper.js]
[frogtoken.net/assets/js/anime-helper-defined-timelines.js]
[frogtoken.net/img/logo/fav.png]
[frogtoken.net/assets/js/app-head.js]
[frogtoken.net/assets/css/theme/main.css]
[cdnjs.cloudflare.com/ajax/libs/font-awesome/5.9.0/css/all.min.css]
[frogtoken.net/wp.pdf]
[frogtoken.net/img/logo.png]
[frogtoken.net/img/logo_dark.png]
[frogtoken.net/assets/images/gradient-circle.svg]
[frogtoken.net/assets/images/objects/star-01.svg]
[frogtoken.net/assets/images/objects/star-02.svg]
[frogtoken.net/assets/images/objects/circle-01.svg]
[frogtoken.net/assets/images/objects/circle-02.svg]
[frogtoken.net/assets/images/objects/square-round.svg]
[frogtoken.net/assets/images/artwork/06.jpg]
[frogtoken.net/assets/images/artwork/16.jpg]
[frogtoken.net/img/cmc.png]
[frogtoken.net/img/cg.png]
[frogtoken.net/img/pinksale3.png]
[frogtoken.net/img/poocoin.png]
[frogtoken.net/img/dext.png]
[frogtoken.net/img/bogged.png]
[frogtoken.net/assets/images/divider-01.svg]
[frogtoken.net/img/eco/started.png]
[frogtoken.net/img/eco/froginu.png]
[frogtoken.net/img/eco/game3.png]
[frogtoken.net/froggame/index.html]
[frogtoken.net/img/eco/apps.png]
[frogtoken.net/img/eco/wallet.png]
[frogtoken.net/img/eco/swap.png]
[frogtoken.net/img/eco/chain.png]
[frogtoken.net/img/eco/ai.png]
[frogtoken.net/img/eco/nft.png]
[frogtoken.net/img/eco/browser.png]
[frogtoken.net/img/eco/bridge.png]
[frogtoken.net/img/eco/pay.png]
[frogtoken.net/img/eco/clothings.png]
[frogtoken.net/assets/images/features-03.png]
[letsexchange.io/widget_lets.css]
[letsexchange.io/init_widget.js]
[frogtoken.net/img/pinksalelogo.png]
[frogtoken.net/img/bsc2.png]
[frogtoken.net/img/pcs.png]
[frogtoken.net/img/dex2.png]
[frogtoken.net/img/bloomberg.svg]
[frogtoken.net/img/yahoo.png]
[frogtoken.net/img/bloksafu.jpg]
[frogtoken.net/qr.png]
[frogtoken.net/landing-04.html]
[frogtoken.net/privacy.html]
[frogtoken.net/terms.html]
[frogtoken.net/index.html]
[frogtoken.net/assets/fonts/brand-icons/brand-icons.html]
[cdn.jsdelivr.net/npm/swiper@8.3.2/swiper-bundle.min.css]
[cdn.jsdelivr.net/npm/uikit@3.15.1/dist/css/uikit.min.css]
[frogtoken.net/cdn-cgi/scripts/5c5dd728/cloudflare-static/email-decode.min.js]
[frogtoken.net/assets/fonts/syne/Syne-Bold.woff2]
[frogtoken.net/assets/fonts/syne/Syne-Bold.woff]
[frogtoken.net/assets/fonts/stolzl/Stolzl-Book.woff2]
[frogtoken.net/assets/fonts/stolzl/Stolzl-Book.woff]
[frogtoken.net/assets/fonts/stolzl/Stolzl-Bold.woff2]
[frogtoken.net/assets/fonts/stolzl/Stolzl-Bold.woff]
[frogtoken.net/assets/fonts/stolzl/StolzlDisplay-Regular.woff2]
[frogtoken.net/assets/fonts/stolzl/StolzlDisplay-Regular.woff]
[frogtoken.net/assets/fonts/stolzl/StolzlDisplay-Bold.woff2]
[frogtoken.net/assets/fonts/stolzl/StolzlDisplay-Bold.woff]
[frogtoken.net/assets/fonts/power-grotesk/PowerGrotesk-UltraBold.woff2]
[frogtoken.net/assets/fonts/power-grotesk/PowerGrotesk-UltraBold.woff]
[frogtoken.net/assets/fonts/mabry-pro/MabryPro-Regular.woff2]
[frogtoken.net/assets/fonts/mabry-pro/MabryPro-Regular.woff]
[frogtoken.net/assets/fonts/mabry-pro/MabryPro-Bold.woff2]
[frogtoken.net/assets/fonts/mabry-pro/MabryPro-Bold.woff]
[frogtoken.net/assets/fonts/unicons/Unicons6c87.eot]
[frogtoken.net/assets/fonts/unicons/Unicons6c87.ttf]
[frogtoken.net/assets/fonts/unicons/Unicons6c87.svg]
[frogtoken.net/assets/fonts/brand-icons/brand-icons.eot]
[frogtoken.net/assets/fonts/brand-icons/brand-icons.woff]
[frogtoken.net/assets/fonts/brand-icons/brand-icons.ttf]
[frogtoken.net/assets/css/theme/main.css]
[cdnjs.cloudflare.com/ajax/libs/font-awesome/5.9.0/css/all.min.css]
[frogtoken.net/assets/images/gradient-circle.svg]
[frogtoken.net/assets/images/objects/star-01.svg]
[frogtoken.net/assets/images/objects/star-02.svg]
[frogtoken.net/assets/images/objects/circle-01.svg]
[frogtoken.net/assets/images/objects/circle-02.svg]
[frogtoken.net/assets/images/objects/square-round.svg]
[frogtoken.net/assets/images/divider-01.svg]
[frogtoken.net/assets/fonts/brand-icons/brand-icons.svg]
[frogtoken.net/froggame/css/reset.css]
[frogtoken.net/froggame/css/main.css]
[frogtoken.net/froggame/css/orientation_utils.css]
[frogtoken.net/froggame/css/ios_fullscreen.css]
[frogtoken.net/froggame/favicon.ico]
[frogtoken.net/froggame/js/jquery-3.2.1.min.js]
[frogtoken.net/froggame/js/createjs.min.js]
[frogtoken.net/froggame/js/screenfull.js]
[frogtoken.net/froggame/js/platform.js]
[frogtoken.net/froggame/js/ios_fullscreen.js]
[frogtoken.net/froggame/js/howler.min.js]
[frogtoken.net/froggame/js/ctl_utils.js]
[frogtoken.net/froggame/js/sprite_lib.js]
[frogtoken.net/froggame/js/levels.js]
[frogtoken.net/froggame/js/settings.js]
[frogtoken.net/froggame/js/CLang.js]
[frogtoken.net/froggame/js/CPreloader.js]
[frogtoken.net/froggame/js/CMain.js]
[frogtoken.net/froggame/js/CTextButton.js]
[frogtoken.net/froggame/js/CGfxButton.js]
[frogtoken.net/froggame/js/CToggle.js]
[frogtoken.net/froggame/js/CMenu.js]
[frogtoken.net/froggame/js/CGame.js]
[frogtoken.net/froggame/js/CInterface.js]
[frogtoken.net/froggame/js/CEndPanel.js]
[frogtoken.net/froggame/js/CTweenController.js]
[frogtoken.net/froggame/js/CLevelSettings.js]
[frogtoken.net/froggame/js/CHero.js]
[frogtoken.net/froggame/js/CBezier.js]
[frogtoken.net/froggame/js/CBall.js]
[frogtoken.net/froggame/js/CNextLevel.js]
[frogtoken.net/froggame/js/CExtraScore.js]
[frogtoken.net/froggame/js/CLevelMenu.js]
[frogtoken.net/froggame/js/CLevelBut.js]
[frogtoken.net/froggame/js/CMsgBox.js]
[frogtoken.net/froggame/js/CCreditsPanel.js]
[frogtoken.net/froggame/js/CAlertSavingBox.js]
[frogtoken.net/froggame/js/CBee.js]
[frogtoken.net/froggame/js/CDaisy.js]
[frogtoken.net/froggame/js/CCTLText.js]
[frogtoken.net/froggame/index.html]
[letsexchange.io/widget_lets.css]
[frogtoken.net/img/bloomberg.svg]
[frogtoken.net/landing-04.html]
[frogtoken.net/privacy.html]
[frogtoken.net/terms.html]
[frogtoken.net/assets/fonts/syne/Syne-Bold.html]
[frogtoken.net/assets/fonts/stolzl/Stolzl-Book.html]
[frogtoken.net/assets/fonts/stolzl/Stolzl-Bold.html]
[frogtoken.net/assets/fonts/stolzl/StolzlDisplay-Regular.html]
[frogtoken.net/assets/fonts/stolzl/StolzlDisplay-Bold.html]
[frogtoken.net/assets/fonts/power-grotesk/PowerGrotesk-UltraBold.html]
[frogtoken.net/assets/fonts/mabry-pro/MabryPro-Regular.html]
[frogtoken.net/assets/fonts/mabry-pro/MabryPro-Bold.html]
[frogtoken.net/assets/fonts/unicons/Unicons6c87.svg]
[frogtoken.net/assets/fonts/brand-icons/brand-icons.svg]
[frogtoken.net/froggame/css/reset.css]
[frogtoken.net/froggame/css/obelixproit-cyr-webfont.woff2]
[frogtoken.net/froggame/css/obelixproit-cyr-webfont.woff]
[frogtoken.net/froggame/css/main.css]
[frogtoken.net/froggame/css/orientation_utils.css]
[frogtoken.net/froggame/css/obelixproit-cyr-webfont.svg]
[frogtoken.net/froggame/sprites/swipe.png]
[frogtoken.net/froggame/css/ios_fullscreen.css]
[frogtoken.net/froggame/css/obelixproit-cyr-webfont.html]
[frogtoken.net/froggame/css/obelixproit-cyr-webfont.svg]
